<html>
<body>
<pre>
<h1>µVision Build Log</h1>
<h2>Tool Versions:</h2>
IDE-Version: µVision V5.29.0.0
Copyright (C) 2019 ARM Ltd and ARM Germany GmbH. All rights reserved.
License Information: Yahia Elgamal, Ainshams uni, LIC=----
 
Tool Versions:
Toolchain:       MDK-Lite  Version: 5.29.0.0
Toolchain Path:  C:\Keil_v5\ARM\ARMCC\Bin
C Compiler:      Armcc.exe V5.06 update 6 (build 750)
Assembler:       Armasm.exe V5.06 update 6 (build 750)
Linker/Locator:  ArmLink.exe V5.06 update 6 (build 750)
Library Manager: ArmAr.exe V5.06 update 6 (build 750)
Hex Converter:   FromElf.exe V5.06 update 6 (build 750)
CPU DLL:         SARM.DLL V5.29.0.0
Dialog DLL:      DARMP.DLL V1.53.0.0
Target DLL:      UL2ARM.DLL V1.74.10.0
Dialog DLL:      TARMP.DLL V1.53.0.0
 
<h2>Project:</h2>
C:\Users\No. 01\Desktop\Sprints\RTOS\FreeRTOSv202112.00\FreeRTOS\Demo\ARM7_LPC2129_Keil_RVDS\RTOSDemo.uvproj
Project File Date:  04/18/2022

<h2>Output:</h2>
*** Using Compiler 'V5.06 update 6 (build 750)', folder: 'C:\Keil_v5\ARM\ARMCC\Bin'
Rebuild target 'RTOSDemo_THUMB'
compiling GPIO_cfg.c...
compiling ParTest.c...
compiling main.c...
assembling Startup.s...
compiling GPIO.c...
Starter Files\Starter_Files_V0\source\GPIO.c(49): warning:  #127-D: expected a statement
  		}
Starter Files\Starter_Files_V0\source\GPIO.c: 1 warning, 0 errors
assembling serialISR.s...
compiling serial.c...
Starter Files\Starter_Files_V0\source\serial.c(185): warning:  #550-D: variable "cChar"  was set but never used
  signed char cChar;
Starter Files\Starter_Files_V0\source\serial.c: 1 warning, 0 errors
compiling list.c...
compiling heap_2.c...
assembling portASM.s...
compiling queue.c...
compiling port.c...
compiling tasks.c...
linking...
Program Size: Code=11516 RO-data=32 RW-data=216 ZI-data=15360  
FromELF: creating hex file...
".\bin\RTOSDemo.axf" - 0 Error(s), 2 Warning(s).
Build Time Elapsed:  00:00:01
</pre>
</body>
</html>
